// Jest Snapshot v1, https://goo.gl/fbAQLP

exports[`Component: Card should be represented by the snapshot 1`] = `
<div>
  <div
    class="bg-white border rounded-lg shadow-md"
  >
    <div
      class="flex justify-center pb-5"
    >
      <img
        alt=""
        class="rounded-t-lg"
        height="319"
        loading="lazy"
        src="https://via.placeholder.com/478x319"
        width="478"
      />
    </div>
    <div
      class="px-4 pb-3"
    >
      <h5
        class="text-xl font-semibold tracking-tight hover:text-violet-800 text-gray-900 mb-3"
      >
        Title
      </h5>
      <p
        class="text-gray-600 text-sm break-all mb-4"
      >
        Description
      </p>
      <div>
        <div
          class="flex items-start lg:items-center justify-between flex-col lg:flex-row"
        >
          <p
            class="text-gray-900 font-semibold"
          >
            $
            100
             
            <span
              class="text-gray-600"
            >
              / night
            </span>
          </p>
          <p
            class="flex items-center gap-3"
          >
            <span
              class="text-gray-600"
            >
              4
               guests
            </span>
            <span
              class="text-gray-600"
            >
               • 
            </span>
            <span
              class="text-gray-600"
            >
              2
               bedrooms
            </span>
            <span
              class="text-gray-600"
            >
               • 
            </span>
            <span
              class="text-gray-600"
            >
              2
               baths
            </span>
          </p>
        </div>
        <hr
          class="my-4"
        />
        <form>
          <div
            class="flex items-center gap-3 mt-3 mb-5"
          >
            <div
              class="flex items-start flex-col gap-1"
            >
              <label
                class="text-gray-600"
                for="checkin"
              >
                Check-in
              </label>
              <input
                class="border rounded-md p-1"
                id="checkin"
                type="date"
                value=""
              />
            </div>
            <div
              class="flex items-start flex-col gap-1"
            >
              <label
                class="text-gray-600"
                for="checkout"
              >
                Check-out
              </label>
              <input
                class="border rounded-md p-1 w-full"
                id="checkout"
                type="date"
                value=""
              />
            </div>
          </div>
          <button
            class="bg-blue-500 hover:bg-blue-700 text-white border border-blue-500 font-bold py-2 px-4 rounded"
            type="submit"
          >
            Book now
          </button>
        </form>
      </div>
    </div>
  </div>
</div>
`;
